// Jest Snapshot v1, https://goo.gl/fbAQLP

exports[`renders a list of notes snapshot test 1`] = `
<div
  className="List list-group"
>
  <ListItem
    createdAt={2018-02-04T11:28:24.000Z}
    id="109156be-c4fb-41ea-b1b4-efe1671c5836"
    key="109156be-c4fb-41ea-b1b4-efe1671c5836"
    note={
      Object {
        "body": "This is my body",
        "bodyEncrypted": "SECRET",
        "bodyPersistedVersion": "This is my body",
        "createdAt": 2018-02-04T11:28:24.000Z,
        "id": "109156be-c4fb-41ea-b1b4-efe1671c5836",
        "title": "Hello",
        "updatedAt": 2018-02-04T11:28:24.000Z,
      }
    }
    title="Hello"
  />
  <ListItem
    createdAt={2018-02-04T11:28:24.000Z}
    id="209156be-c4fb-41ea-b1b4-efe1671c5836"
    key="209156be-c4fb-41ea-b1b4-efe1671c5836"
    note={
      Object {
        "body": "Another body",
        "bodyEncrypted": "SECRET2",
        "bodyPersistedVersion": "Another body",
        "createdAt": 2018-02-04T11:28:24.000Z,
        "id": "209156be-c4fb-41ea-b1b4-efe1671c5836",
        "title": "Another note",
        "updatedAt": 2018-02-04T11:28:24.000Z,
      }
    }
    title="Another note"
  />
</div>
`;
